# serializer version: 1
# name: test_climate.1
  None
# ---
# name: test_climate[all]
  0
# ---
